---
source: src/plan.rs
expression: plan
input_file: tests/input/acl_banned.json5
---
{
  "new_user_id": "@user:new.com",
  "rooms": {
    "!allow:example.com": {
      "errors": [
        "AclBanned"
      ]
    },
    "!deny-wildcard:example.com": {
      "errors": [
        "AclBanned"
      ]
    },
    "!deny:example.com": {
      "errors": [
        "AclBanned"
      ]
    }
  }
}
