---
source: src/plan.rs
expression: plan
input_file: tests/input/already_invited.json5
---
{
  "new_user_id": "@new:example.com",
  "rooms": {
    "!room-invite-only-cannot-invite:example.com": {
      "join": true
    },
    "!room-invite-only:example.com": {
      "join": true
    },
    "!room-public:example.com": {
      "join": true
    }
  }
}
