---
source: src/plan.rs
expression: plan
input_file: tests/input/acl_allowed.json5
---
{
  "new_user_id": "@user:new.com",
  "rooms": {
    "!allow-all:example.com": {
      "join": true
    },
    "!allowed-by-wildcard:example.com": {
      "join": true
    },
    "!deny-irrelevant-wildcard:example.com": {
      "join": true
    },
    "!deny-irrelevant:example.com": {
      "join": true
    },
    "!explicitly-allowed:example.com": {
      "join": true
    }
  }
}
