---
source: src/plan.rs
expression: "json!({ \"errors\": errors, \"plan\": plan, })"
input_file: tests/input/room_tags_unmigrated_room.json5
---
{
  "errors": [
    {
      "RoomFailed": [
        {
          "id": "!room1:example.com"
        },
        "CannotInvite"
      ]
    }
  ],
  "plan": {
    "new_user_id": "@new:example.com",
    "rooms": {}
  }
}
