---
source: src/plan.rs
expression: plan_json
input_file: tests/input/acl_banned.json5
---
{
  "new_user_id": "@user:new.com",
  "old_user_id": "@user:old.com",
  "rooms": {
    "!allow:example.com": {
      "errors": [
        {
          "Join": "AclBanned"
        }
      ]
    },
    "!deny-wildcard:example.com": {
      "errors": [
        {
          "Join": "AclBanned"
        }
      ]
    },
    "!deny:example.com": {
      "errors": [
        {
          "Join": "AclBanned"
        }
      ]
    }
  }
}
