---
source: src/plan.rs
expression: "json!({ \"errors\": errors, \"plan\": plan, })"
input_file: tests/input/ignored_users_extra_keys.json5
---
{
  "errors": [
    {
      "IgnoredUserDifferentValues": {
        "new_value": {
          "new_key": "new_value"
        },
        "old_value": {
          "old_key": "old_value"
        },
        "user": "@user-b:example.com"
      }
    }
  ],
  "plan": {
    "global_account_data": {
      "m.ignored_user_list": {
        "@user-a:example.com": {
          "key": "value"
        },
        "@user-b:example.com": {
          "new_key": "new_value"
        },
        "@user-c:example.com": {
          "key": "value"
        }
      }
    },
    "new_user_id": "@new:example.com",
    "rooms": {}
  }
}
