---
source: src/plan.rs
expression: "json!({ \"errors\": errors, \"plan\": plan, })"
input_file: tests/input/direct_messages.json5
---
{
  "errors": [],
  "plan": {
    "global_account_data": {
      "m.direct": {
        "@user-a:example.com": [
          "!dm-with-user-a:example.com"
        ]
      }
    },
    "new_user_id": "@new:example.com",
    "rooms": {}
  }
}
