---
source: src/plan.rs
expression: plan
input_file: tests/input/banned.json5
---
{
  "new_user_id": "@new:example.com",
  "rooms": {
    "!mod-room:example.com": {
      "errors": [
        "Banned"
      ]
    },
    "!simple-room:example.com": {
      "errors": [
        "Banned"
      ]
    }
  }
}
