---
source: src/plan.rs
expression: "json!({ \"errors\": errors, \"plan\": plan, })"
input_file: tests/input/cannot_invite_public_room.json5
---
{
  "errors": [],
  "plan": {
    "new_user_id": "@new:example.com",
    "rooms": {
      "!room1:example.com": {
        "join": true
      }
    }
  }
}
