---
source: src/plan.rs
expression: plan_json
input_file: tests/input/room_tags_unmigrated_room.json5
---
{
  "new_user_id": "@new:example.com",
  "old_user_id": "@old:example.com",
  "rooms": {
    "!room1:example.com": {
      "errors": [
        {
          "Join": "CannotInvite"
        }
      ]
    }
  }
}
