---
source: src/plan.rs
expression: "json!({ \"errors\": errors, \"plan\": plan, })"
input_file: tests/input/banned.json5
---
{
  "errors": [
    {
      "RoomFailed": [
        {
          "id": "!mod-room:example.com"
        },
        "Banned"
      ]
    },
    {
      "RoomFailed": [
        {
          "id": "!simple-room:example.com"
        },
        "Banned"
      ]
    }
  ],
  "plan": {
    "new_user_id": "@new:example.com",
    "rooms": {}
  }
}
