---
source: src/plan.rs
expression: plan_json
input_file: tests/input/cannot_copy_power_levels.json5
---
{
  "new_user_id": "@new:example.com",
  "rooms": {
    "!already-joined:example.com": {
      "errors": [
        {
          "CopyPowerLevel": {
            "old_power_level": 50
          }
        }
      ]
    },
    "!invite:example.com": {
      "errors": [
        {
          "CopyPowerLevel": {
            "old_power_level": 50
          }
        }
      ],
      "invite": true,
      "join": true
    },
    "!public:example.com": {
      "errors": [
        {
          "CopyPowerLevel": {
            "old_power_level": 50
          }
        }
      ],
      "join": true
    }
  }
}
