---
source: src/plan.rs
expression: plan_json
input_file: tests/input/room_tags_error_unmigrated_room.json5
---
{
  "new_user_id": "@new:example.com",
  "old_user_id": "@old:example.com",
  "rooms": {
    "!invalid-power-levels:example.com": {
      "errors": [
        "GetPowerLevels",
        {
          "Join": "MissingPowerLevels"
        }
      ]
    },
    "!room1:example.com": {
      "errors": [
        {
          "Join": "CannotInvite"
        },
        {
          "RoomTagMerge": {
            "key": "m.tag1",
            "new_value": {
              "key": "new_value"
            },
            "old_value": {
              "key": "old_value"
            }
          }
        }
      ]
    }
  }
}
