---
source: src/plan.rs
expression: plan_json
input_file: tests/input/cannot_invite_or_copy_power_levels.json5
---
{
  "new_user_id": "@new:example.com",
  "old_user_id": "@old:example.com",
  "rooms": {
    "!room:example.com": {
      "errors": [
        {
          "CopyPowerLevel": {
            "old_power_level": 50
          }
        },
        {
          "Join": "CannotInvite"
        }
      ]
    }
  }
}
