---
source: src/plan.rs
expression: plan_json
input_file: tests/input/leave_direct_message_fail.json5
---
{
  "errors": [
    {
      "DirectAccountDataFailed": {
        "GetEvent": [
          "Old"
        ]
      }
    }
  ],
  "new_user_id": "@new:example.com",
  "rooms": {
    "!room:example.com": {
      "invite": true,
      "join": true
    }
  }
}
