---
source: src/plan.rs
expression: plan_json
input_file: tests/input/cannot_invite_history_visibility.json5
---
{
  "new_user_id": "@new:example.com",
  "rooms": {
    "!invalid-power-levels:example.com": {
      "errors": [
        "GetPowerLevels",
        {
          "Join": "MissingPowerLevels"
        },
        {
          "RestrictedHistoryVisibility": {
            "already_joined": false,
            "visibility": "joined"
          }
        }
      ]
    },
    "!simple-room:example.com": {
      "errors": [
        {
          "Join": "CannotInvite"
        },
        {
          "RestrictedHistoryVisibility": {
            "already_joined": false,
            "visibility": "joined"
          }
        }
      ]
    }
  }
}
