---
source: src/plan.rs
expression: plan_json
input_file: tests/input/cannot_invite_public_room.json5
---
{
  "new_user_id": "@new:example.com",
  "rooms": {
    "!invalid-power-levels:example.com": {
      "errors": [
        "GetPowerLevels"
      ],
      "join": true
    },
    "!room1:example.com": {
      "join": true
    }
  }
}
