---
source: src/plan.rs
expression: plan
input_file: tests/input/alias.json5
---
{
  "new_user_id": "@new:example.com",
  "rooms": {
    "!room-alias:example.com": {
      "alias": "#alias:example.com",
      "join": true
    },
    "!room-only-alt-alias:example.com": {
      "join": true
    }
  }
}
