---
source: src/plan.rs
expression: "json!({ \"errors\": errors, \"plan\": plan, })"
input_file: tests/input/acl_banned.json5
---
{
  "errors": [
    {
      "RoomFailed": [
        {
          "id": "!allow:example.com"
        },
        "AclBanned"
      ]
    },
    {
      "RoomFailed": [
        {
          "id": "!deny-wildcard:example.com"
        },
        "AclBanned"
      ]
    },
    {
      "RoomFailed": [
        {
          "id": "!deny:example.com"
        },
        "AclBanned"
      ]
    }
  ],
  "plan": {
    "new_user_id": "@user:new.com",
    "rooms": {}
  }
}
